
> backend@1.0.0 test
> node --experimental-vm-modules node_modules/jest/bin/jest.js --detectOpenHandles

node.exe : (node:17340) ExperimentalWarning: VM Mod
ules is an experimental feature and might change at
 any time
At line:1 char:1
+ & "C:\Program Files\nodejs/node.exe" "C:\Program 
Files\nodejs/node_mo ...
+ ~~~~~~~~~~~~~~~~~~~~~~~~~~~~~~~~~~~~~~~~~~~~~~~~~
~~~~~~~~~~~~~~~~~~~~
    + CategoryInfo          : NotSpecified: ((node 
   :17340) Ex...nge at any time:String) [], Remot  
  eException
    + FullyQualifiedErrorId : NativeCommandError
 
(Use `node --trace-warnings ...` to show where the 
warning was created)
(node:17340) [DEP0169] DeprecationWarning: `url.par
se()` behavior is not standardized and prone to err
ors that have security implications. Use the WHATWG
 URL API instead. CVEs are not issued for `url.pars
e()` vulnerabilities.
PASS tests/integration/auth.test.js
  ÔŚĆ Console

    console.log
      [dotenv@17.2.3] injecting env (0) from .env -
- tip: ­čöĹ add access controls to secrets: https:/
/dotenvx.com/ops

      at _log (node_modules/dotenv/lib/main.js:142:
11)

    console.log
      BookHunt server running on http://localhost:5
000

      at Server.<anonymous> (src/server.js:116:11)

    console.log
      [PriceAlert] Price alert cron initialized (fi
rst run in 5 minutes, then every 12 hours).

      at startPriceAlerts (src/scripts/priceAlertCr
on.js:117:11)

    console.log
      API endpoints available at http://localhost:5
000/api

      at Server.<anonymous> (src/server.js:118:11)

    console.log
      Swagger documentation available at http://loc
alhost:5000/api-docs

      at Server.<anonymous> (src/server.js:119:11)

PASS tests/unit/currency.test.js

Test Suites: 2 passed, 2 total
Tests:       12 passed, 12 total
Snapshots:   0 total
Time:        2.903 s
Ran all test suites.

  ÔŚĆ  Cannot log after tests are done. Did you for
get to wait for something async in your test?
    Attempted to log "[PriceAlert] Scanning started
 at 2026-03-30T09:23:26.482Z".

    [0m [90m 15 |[39m
     [90m 16 |[39m [36mexport[39m [36masync[3
9m [36mfunction[39m checkPriceAlerts(prisma) {
    [31m[1m>[22m[39m[90m 17 |[39m   console[
33m.[39mlog([32m`[PriceAlert] Scanning started at
 ${new Date().toISOString()}`[39m)[33m;[39m
     [90m    |[39m           [31m[1m^[22m[39m
     [90m 18 |[39m
     [90m 19 |[39m   [36mtry[39m {
     [90m 20 |[39m     [36mlet[39m skip [33m=
[39m [35m0[39m[33m;[39m[0m

      at console.log (node_modules/@jest/console/bu
ild/index.js:147:10)
      at checkPriceAlerts (src/scripts/priceAlertCr
on.js:17:11)
      at Timeout._onTimeout (src/scripts/priceAlert
Cron.js:112:20)


  ÔŚĆ  Cannot log after tests are done. Did you for
get to wait for something async in your test?
    Attempted to log "[PriceAlert] Fatal cron error
: [PrismaClientValidationError: 
    Invalid `prisma.kivansaglista.findMany()` invoc
ation:

    {
      where: {
        isbn: {
          not: null
        }
      },
      distinct: [
        "isbn"
      ],
      select: {
        isbn: true,
        cim: true,
        utolso_ismert_ar: true
      },
      skip: 0,
      take: 20,
      orderBy: {
        kivansaglista_id: "asc",
        ~~~~~~~~~~~~~~~~
    ?   id?: SortOrder,
    ?   felhasznalo_id?: SortOrder,
    ?   konyv_id?: SortOrder,
    ?   cim?: SortOrder,
    ?   szerzo?: SortOrder | SortOrderInput,
    ?   boritokep_url?: SortOrder | SortOrderInput,
    ?   isbn?: SortOrder | SortOrderInput,
    ?   utolso_ismert_ar?: SortOrder | SortOrderInp
ut,
    ?   letrehozva?: SortOrder,
    ?   Felhasznalo?: FelhasznaloOrderByWithRelatio
nInput,
    ?   _relevance?: KivansaglistaOrderByRelevanceI
nput
      }
    }

    Unknown argument `kivansaglista_id`. Available 
options are marked with ?.] {
      clientVersion: '6.12.0'
    }".

    [0m [90m 103 |[39m     console[33m.[39mlog
([32m`[PriceAlert] Scan complete. Processed: ${pro
cessedTotal} unique ISBNs, Alerts sent: ${alertsSen
tTotal}`[39m)[33m;[39m
     [90m 104 |[39m   } [36mcatch[39m (e) {
    [31m[1m>[22m[39m[90m 105 |[39m     consol
e[33m.[39merror([32m'[PriceAlert] Fatal cron err
or:'[39m[33m,[39m e)[33m;[39m
     [90m     |[39m             [31m[1m^[22m[
39m
     [90m 106 |[39m   }
     [90m 107 |[39m }
     [90m 108 |[39m[0m

      at console.error (node_modules/@jest/console/
build/index.js:124:10)
      at checkPriceAlerts (src/scripts/priceAlertCr
on.js:105:13)

